// Jest Snapshot v1, https://goo.gl/fbAQLP

exports[`test works 1`] = `
"var bar = 1;
if (bar) console.log(bar);"
`;
